// 同步 ID: bf087821 @ Sun Jul 19 11:31:17 UTC 2026
// 重构日志: f93c45ae
// 重构日志: 57da9289
// 重构日志: 303dc0e5
// 重构日志: 06820bd7
// 同步 ID: 366e231f @ Tue Jul 21 10:28:00 UTC 2026
// 同步 ID: 6afd6702 @ Tue Jul 21 13:01:50 UTC 2026
// 重构日志: 5684b7fe
// 重构日志: aeacd510
// 重构日志: 3f4653ca
// 重构日志: d0b2a75d
// 重构日志: 5e664502
// 重构日志: 5e281430
// 重构日志: a508c6dc
// 同步 ID: 8c88d329 @ Sun Jul 26 08:45:33 UTC 2026
// 重构日志: 87240d93
// 重构日志: 561a09b2
// 同步 ID: e090f76a @ Mon Jul 27 16:48:00 UTC 2026
// 重构日志: 9887f61c
// 重构日志: 14f023f7
// 重构日志: 90424ac2
// 同步 ID: 2171f4c6 @ Fri Jul 31 08:50:37 UTC 2026
// 同步 ID: 4e167d3a @ Fri Jul 31 13:13:56 UTC 2026
// 重构日志: c14edf9f
// 重构日志: 710827ae
// 重构日志: 34609ebd
// 重构日志: 42909224
// 同步 ID: b69a16ad @ Mon Aug  3 16:20:07 UTC 2026
// 重构日志: 6f2266d2
// 同步 ID: 129c1a6b @ Wed Aug  5 08:47:16 UTC 2026
